x.com
twimg.com
twitter.com
xhamster.com
media-hls.growcdnssedge.com
xhamsterlive.com
xhcdn.com
xtracloud.net
xvideos-cdn.com
xvideos.com
spankbang.com
sb-cd.com
pornhits.com
pornhub.com
phncdn.com
hentai365.ru
hmvmania.com
www.youporn.com
lostfilmtv5.site
4pda.to
netflix.com
openai.com
chatgpt.com
linkedin.com
udemy.com
medium.com
www.google.com
ggpht.com
googlevideo.com
jnn-pa.googleapis.com
nhacmp3youtube.com
returnyoutubedislikeapi.com
wide-youtube.l.google.com
youtu.be
youtube.com
youtubeembeddedplayer.googleapis.com
youtubei.googleapis.com
youtubekids.com
youtube-nocookie.com
youtube-ui.l.google.com
yt.be
ytimg.com
ytimg.l.google.com
yting.com
yt-video-upload.l.google.com
googleusercontent.com
gstatic.com
registry.terraform.io
www.patreon.com
www.digitalocean.com
www.cvedetails.com
rutracker.org
rutracker.cc
iwara.tv
paypal.com
www.spotify.com
thepiratebay.org
rarbg-official.com
cub.red
github.com
githubusercontent.com
githubassets.com
githubcopilot.com
copilot-proxy.githubusercontent.com
copilot-telemetry.githubusercontent.com
lorrgs.io
warcraftlogs.com
rpglogs.com
ext-twitch.tv
jtvnw.net
live-video.net
ttvnw.net
twitch.a2z.com
twitchcdn.net
twitchcdn-shadow.net
twitch-shadow.net
twitchsvc.net
twitchsvc-staging.tech
twitch.tv
instagram.com
cdninstagram.com
hjm.rebe.capcom.com
mtm.rebe.capcom.com
sf6.streetfighter.com
discovery.steamserver.net
cloudflare.com
cloudflarestatus.com
cdnjs.com
one.one.one.one
amazon.com
fromsoftware-game.net
cyberduck.io
redshieldvpn.com
vsassets.io
cdn-telegram.org
comments.app
contest.com
fragment.com
graph.org
quiz.directory
t.me
tdesktop.com
telega.one
telegra.ph
telegram-cdn.org
telegram.dog
telegram.me
telegram.org
telegram.space
telesco.pe
tg.dev
tx.me
usercontent.dev
ton.org
sigs.k8s.io
amd.com
api.mixpanel.com
moengage.com
budgetbakers.com
grok.com
edgesuite.net
edgekey.net
akamaized.net
akamaihd.net
akamaiedge.net
akadns.net
akamai.net
akamaiorigin.net
edgesuite-staging.net
edgekey-staging.net
akamaized-staging.net
akamaihd-staging.net
akamaiedge-staging.net
speedtest.net
youracclaim.com
gitea.com
k8slens.dev
sadservers.com
questionablyepic.com
curseforge.com
istio.io
cilium.io
envoyproxy.io
rutor.org
