x.com
twimg.com
xhamster.com
xhamsterlive.com
xnxx.com
xtracloud.net
xvideos-cdn.com
xvideos.com
spankbang.com
hentai365.ru
pornolab.net
redtube.com
hmvmania.com
www.youporn.com
lostfilm.run
lostfilm.top
lostfilm.tv
lostfilm.win
lostfilmtv2.site
lostfilmtv5.site
4pda.to
netflix.com
openai.com
chatgpt.com
www.linkedin.com
udemy.com
medium.com
googlevideo.com
yt3.ggpht.com
youtube.com
play.google.com
m.youtube.com
s.youtube.com
www.youtube.com
ytimg.com
youtu.be
ggpht.com
yt4.ggpht.com
ytimg.l.google.com
googleapis.com
wide-youtube.l.google.com
ytimg.l.google.com
youtubeembeddedplayer.googleapis.com
nhacmp3youtube.com
googleusercontent.com
gstatic.com
registry.terraform.io
www.patreon.com
www.digitalocean.com
www.cvedetails.com
rutracker.org
rutracker.cc
dis.gd
discord.co
discord.com
discord.design
discord.dev
discord.gg
discord.gift
discord.gifts
discord.media
discord.new
discord.store
discord.tools
discordapp.com
discordapp.net
discordmerch.com
discordpartygames.com
discord-activities.com
discordactivities.com
discordsays.com
discordstatus.com
iwara.tv
paypal.com
www.spotify.com
thepiratebay.org
rarbg-official.com
cub.red
github.com
githubusercontent.com
githubassets.com
githubcopilot.com
copilot-proxy.githubusercontent.com
copilot-telemetry.githubusercontent.com
lorrgs.io
www.warcraftlogs.com
twitch.tv
live-video.net
ttvnw.net
