x.com
twimg.com
twitter.com
xhamster.com
media-hls.growcdnssedge.com
xhamsterlive.com
xhcdn.com
xtracloud.net
xvideos-cdn.com
xvideos.com
spankbang.com
sb-cd.com
pornhits.com
pornhub.com
phncdn.com
hentai365.ru
hmvmania.com
www.youporn.com
lostfilmtv5.site
4pda.to
netflix.com
openai.com
chatgpt.com
linkedin.com
udemy.com
medium.com
www.google.com
googlevideo.com
yt3.ggpht.com
youtube.com
play.google.com
m.youtube.com
s.youtube.com
www.youtube.com
music.youtube.com
ytimg.com
youtu.be
ggpht.com
yt4.ggpht.com
ytimg.l.google.com
googleapis.com
meet.google.com
wide-youtube.l.google.com
youtubeembeddedplayer.googleapis.com
nhacmp3youtube.com
googleusercontent.com
gstatic.com
registry.terraform.io
www.patreon.com
www.digitalocean.com
www.cvedetails.com
rutracker.org
rutracker.cc
dis.gd
discord.co
discord.com
discord.design
discord.dev
discord.gg
discord.gift
discord.gifts
discord.media
discord.new
discord.store
discord.tools
discordapp.com
discordapp.net
discordmerch.com
discordpartygames.com
discord-activities.com
discordactivities.com
discordsays.com
discordstatus.com
discord.app
iwara.tv
paypal.com
www.spotify.com
thepiratebay.org
rarbg-official.com
cub.red
github.com
githubusercontent.com
githubassets.com
githubcopilot.com
copilot-proxy.githubusercontent.com
copilot-telemetry.githubusercontent.com
lorrgs.io
warcraftlogs.com
rpglogs.com
www.twitch.tv
usher.ttvnw.net
instagram.com
cdninstagram.com
hjm.rebe.capcom.com
mtm.rebe.capcom.com
sf6.streetfighter.com
discovery.steamserver.net
cloudflare.com
cloudflarestatus.com
cdnjs.com
one.one.one.one
amazon.com
fromsoftware-game.net
gr-prod-steam.fromsoftware-game.net
cyberduck.io
redshieldvpn.com
vsassets.io
cdn-telegram.org
comments.app
contest.com
fragment.com
graph.org
quiz.directory
t.me
tdesktop.com
telega.one
telegra.ph
telegram-cdn.org
telegram.dog
telegram.me
telegram.org
telegram.space
telesco.pe
tg.dev
tx.me
usercontent.dev
sigs.k8s.io
amd.com
api.mixpanel.com
moengage.com
budgetbakers.com
grok.com
edgesuite.net
edgekey.net
akamaized.net
akamaihd.net
akamaiedge.net
akadns.net
akamai.net
akamaiorigin.net
edgesuite-staging.net
edgekey-staging.net
akamaized-staging.net
akamaihd-staging.net
akamaiedge-staging.net
speedtest.net
youracclaim.com
gitea.com
k8slens.dev
sadservers.com
questionablyepic.com
curseforge.com
istio.io
cilium.io
envoyproxy.io
rutor.org
